// Jest Snapshot v1, https://goo.gl/fbAQLP

exports[`Styles matches InputGroupText 1`] = `
.c0 {
  display: -webkit-box;
  display: -webkit-flex;
  display: -ms-flexbox;
  display: flex;
  -webkit-align-items: center;
  -webkit-box-align: center;
  -ms-flex-align: center;
  align-items: center;
  padding: 0.375rem 0.75rem;
  margin-bottom: 0;
  font-size: 1rem;
  font-weight: 400;
  line-height: 1.5;
  color: #343a40;
  text-align: center;
  white-space: nowrap;
  background-color: #e2e6ea;
  border: 1px solid #cccecf;
  border-radius: 0.25rem;
}

.c0 input[type="radio"],
.c0 input[type="checkbox"] {
  margin-top: 0;
  margin-right: 0;
  margin-bottom: 0;
}

<span
  className="c0"
/>
`;
