// Jest Snapshot v1, https://goo.gl/fbAQLP

exports[`Styles matches Card noRadius 1`] = `
.c0 {
  height: 100%;
  position: relative;
  display: -webkit-box;
  display: -webkit-flex;
  display: -ms-flexbox;
  display: flex;
  -webkit-flex-direction: column;
  -ms-flex-direction: column;
  flex-direction: column;
  min-width: 0;
  word-wrap: break-word;
  background-color: #fff;
  background-clip: border-box;
  border: 1px solid rgba(0,0,0,0.125);
  border-radius: 0;
}

<div
  className="c0"
/>
`;
