// Jest Snapshot v1, https://goo.gl/fbAQLP

exports[`Styles matches Button block 1`] = `
.c1 {
  font-weight: 400;
  line-height: 1.5;
  text-align: center;
  white-space: nowrap;
  vertical-align: middle;
  -webkit-user-select: none;
  -moz-user-select: none;
  -ms-user-select: none;
  user-select: none;
  -webkit-transition: color 0.15s ease-in-out,background-color 0.15s ease-in-out,border-color 0.15s ease-in-out,box-shadow 0.15s ease-in-out;
  transition: color 0.15s ease-in-out,background-color 0.15s ease-in-out,border-color 0.15s ease-in-out,box-shadow 0.15s ease-in-out;
  border: 1px solid #6c757d;
  background-color: #6c757d;
  border-radius: 0.25rem;
  display: block;
  width: 100%;
  font-size: 1rem;
  color: #fff;
  padding: 0.375rem 0.75rem;
}

.c1:focus {
  outline: 0;
  box-shadow: 0 0 0 0.2rem rgba(108,117,125,0.5);
}

.c1:hover,
.c1:focus {
  -webkit-text-decoration: none;
  text-decoration: none;
  border: 1px solid #6c757d;
  background-color: #6c757d;
  color: #fff;
  cursor: pointer;
}

.c1:hover:focus,
.c1:focus:focus,
.c1:hover:hover,
.c1:focus:hover {
  border: 1px solid #545b62;
}

.c1:hover:focus,
.c1:focus:focus,
.c1:hover:hover,
.c1:focus:hover {
  background-color: #5a6268;
}

.c1:focus,
.c1:hover {
  border: 1px solid #545b62;
}

.c1:focus,
.c1:hover {
  background-color: #5a6268;
}

.c1 + .c0 {
  margin-top: 0.5rem;
}

<button
  className="c0 c1"
/>
`;
