// Jest Snapshot v1, https://goo.gl/fbAQLP

exports[`Styles matches FormCheck 1`] = `
.c0 {
  position: relative;
  box-sizing: border-box;
  display: block;
}

.c0 > label {
  margin-bottom: 0;
}

.c0 > input {
  position: static;
  margin-top: 0;
  margin-right: 0.3125rem;
  margin-left: 0;
}

<div
  className="c0"
/>
`;
