// Jest Snapshot v1, https://goo.gl/fbAQLP

exports[`Styles matches InputGroup lg 1`] = `
.c0 {
  position: relative;
  display: -webkit-box;
  display: -webkit-flex;
  display: -ms-flexbox;
  display: flex;
  -webkit-flex-wrap: wrap;
  -ms-flex-wrap: wrap;
  flex-wrap: wrap;
  -webkit-align-items: stretch;
  -webkit-box-align: stretch;
  -ms-flex-align: stretch;
  align-items: stretch;
  width: 100%;
  line-height: 1.5;
}

.c0 > input,
.c0 > textarea,
.c0 > select {
  position: relative;
  -webkit-flex: 1 1 auto;
  -ms-flex: 1 1 auto;
  flex: 1 1 auto;
  width: 1%;
  margin-bottom: 0;
}

.c0 > input:not(:last-child),
.c0 > textarea:not(:last-child),
.c0 > select:not(:last-child) {
  border-top-right-radius: 0;
  border-bottom-right-radius: 0;
}

.c0 > input:not(:first-child),
.c0 > textarea:not(:first-child),
.c0 > select:not(:first-child) {
  border-top-left-radius: 0;
  border-bottom-left-radius: 0;
}

.c0 > input {
  border-radius: 0.3rem;
}

.c0 > div > span,
.c0 > input {
  line-height: 1.5;
  font-size: 1.25rem;
}

.c0 > div > span,
.c0 > input {
  padding-right: 0;
  padding-left: 0;
  padding: 0.5rem 1rem;
}

<div
  className="c0"
/>
`;
