// Jest Snapshot v1, https://goo.gl/fbAQLP

exports[`Styles matches CardFooter 1`] = `
.c0 {
  padding: 0.75rem 1.25rem;
  background-color: rgba(0,0,0,0.05);
  border-top: 1px solid rgba(0,0,0,0.2);
  display: -webkit-box;
  display: -webkit-flex;
  display: -ms-flexbox;
  display: flex;
  -webkit-flex-flow: row wrap;
  -ms-flex-flow: row wrap;
  flex-flow: row wrap;
  -webkit-box-pack: center;
  -webkit-justify-content: center;
  -ms-flex-pack: center;
  justify-content: center;
  margin: -3px;
}

.c0:last-child {
  border-radius: 0 0 calc(0.25rem - 1px) calc(0.25rem - 1px);
}

<div
  className="c0"
/>
`;
