// Jest Snapshot v1, https://goo.gl/fbAQLP

exports[`Styles matches Modal sm 1`] = `
.c0 {
  -webkit-transition: visibility 500ms ease-out 0ms, opacity 500ms ease-out 0ms;
  transition: visibility 500ms ease-out 0ms, opacity 500ms ease-out 0ms;
  visibility: visible;
  opacity: 1;
}

.c3 {
  position: relative;
  display: -webkit-box;
  display: -webkit-flex;
  display: -ms-flexbox;
  display: flex;
  -webkit-flex-direction: column;
  -ms-flex-direction: column;
  flex-direction: column;
  width: 100%;
  pointer-events: auto;
  background-color: #fff;
  background-clip: padding-box;
  border: 1px solid rgba(0,0,0,0.2);
  outline: 0;
  border-radius: 0.3rem;
}

.c2 {
  position: relative;
  margin: auto;
  padding: 0.5rem;
  min-height: calc(100% - (0.5rem * 2));
  pointer-events: none;
  max-width: 300px;
}

.c4 {
  position: fixed;
  top: 0;
  left: 0;
  z-index: 1040;
  width: 100vw;
  height: 100vh;
  background-color: #111111;
  opacity: 0.7;
  display: block;
}

.c1 {
  position: fixed;
  top: 0;
  right: 0;
  bottom: 0;
  left: 0;
  z-index: 1050;
  overflow: hidden;
  outline: 0;
  overflow-x: hidden;
  overflow-y: auto;
  display: block;
}

<div
  className="c0"
  hidden={false}
>
  <div
    className="c1"
    onClick={[Function]}
    onMouseDown={[Function]}
  >
    <div
      className="c2"
    >
      <div
        className="c3"
      />
    </div>
  </div>
  <div
    className="c4"
  />
</div>
`;
