// Jest Snapshot v1, https://goo.gl/fbAQLP

exports[`Styles matches Nav center 1`] = `
.c0 {
  display: -webkit-box;
  display: -webkit-flex;
  display: -ms-flexbox;
  display: flex;
  -webkit-flex-wrap: wrap;
  -ms-flex-wrap: wrap;
  flex-wrap: wrap;
  padding-left: 0;
  margin-bottom: 0;
  list-style: none;
  -webkit-box-pack: center !important;
  -webkit-justify-content: center !important;
  -ms-flex-pack: center !important;
  justify-content: center !important;
}

.c0 > a {
  -webkit-text-decoration: none;
  text-decoration: none;
}

.c0:last-child {
  -webkit-flex: 1;
  -ms-flex: 1;
  flex: 1;
}

<nav
  className="c0"
/>
`;
