// Jest Snapshot v1, https://goo.gl/fbAQLP

exports[`Styles matches Nav justified 1`] = `
.c0 {
  display: -webkit-box;
  display: -webkit-flex;
  display: -ms-flexbox;
  display: flex;
  -webkit-flex-wrap: wrap;
  -ms-flex-wrap: wrap;
  flex-wrap: wrap;
  padding-left: 0;
  margin-bottom: 0;
  list-style: none;
}

.c0 > a {
  -webkit-text-decoration: none;
  text-decoration: none;
  -webkit-flex-basis: 0;
  -ms-flex-preferred-size: 0;
  flex-basis: 0;
  -webkit-box-flex: 1;
  -webkit-flex-grow: 1;
  -ms-flex-positive: 1;
  flex-grow: 1;
  text-align: center;
}

.c0:last-child {
  -webkit-flex: 1;
  -ms-flex: 1;
  flex: 1;
}

<nav
  className="c0"
/>
`;
