// Jest Snapshot v1, https://goo.gl/fbAQLP

exports[`Styles matches Table small 1`] = `
.c1 {
  width: 100%;
  max-width: 100%;
  margin-bottom: 1rem;
  background-color: transparent;
}

.c1 th,
.c1 td {
  padding: 0.75rem;
  vertical-align: top;
  border-top: 1px solid #dee2e6;
}

.c1 thead th {
  vertical-align: bottom;
  border-bottom: 2px solid #dee2e6;
}

.c1 tbody + tbody {
  border-top: 2px solid #dee2e6;
}

.c1 + .c0 {
  background-color: #fff;
}

.c1 th,
.c1 td {
  padding: 0.3rem;
}

<table
  className="c0 c1"
/>
`;
