// Jest Snapshot v1, https://goo.gl/fbAQLP

exports[`Styles matches ButtonGroup 1`] = `
.c0 {
  position: relative;
  display: -webkit-inline-box;
  display: -webkit-inline-flex;
  display: -ms-inline-flexbox;
  display: inline-flex;
  vertical-align: middle;
  -webkit-flex-direction: column;
  -ms-flex-direction: column;
  flex-direction: column;
  -webkit-align-items: flex-start;
  -webkit-box-align: flex-start;
  -ms-flex-align: flex-start;
  align-items: flex-start;
  -webkit-box-pack: center;
  -webkit-justify-content: center;
  -ms-flex-pack: center;
  justify-content: center;
}

.c0 > button {
  line-height: 1.5;
  position: relative;
  -webkit-flex: 0 1 auto;
  -ms-flex: 0 1 auto;
  flex: 0 1 auto;
  padding: 0.375rem 0.75rem;
  font-size: 1rem;
  line-height: 1.5;
}

.c0 > button:hover {
  z-index: 1;
}

.c0 > button {
  width: 100%;
}

.c0 > button:not(:last-child) {
  border-bottom-right-radius: 0;
  border-bottom-left-radius: 0;
}

.c0 > button:not(:first-child) {
  border-top-left-radius: 0;
  border-top-right-radius: 0;
}

<div
  className="c0"
/>
`;
