// Jest Snapshot v1, https://goo.gl/fbAQLP

exports[`Styles matches Navbar 1`] = `
.c0 {
  position: relative;
  display: -webkit-box;
  display: -webkit-flex;
  display: -ms-flexbox;
  display: flex;
  -webkit-flex-wrap: wrap;
  -ms-flex-wrap: wrap;
  flex-wrap: wrap;
  -webkit-align-items: center;
  -webkit-box-align: center;
  -ms-flex-align: center;
  align-items: center;
  -webkit-box-pack: justify;
  -webkit-justify-content: space-between;
  -ms-flex-pack: justify;
  justify-content: space-between;
  padding: 0.5rem 1rem;
  color: rgba(0,0,0,0.5);
  border-color: rgba(0,0,0,0.1);
  background-color: #f8f9fa !important;
}

<nav
  className="c0"
/>
`;
