// Jest Snapshot v1, https://goo.gl/fbAQLP

exports[`Styles matches ModalFooter 1`] = `
.c0 {
  display: -webkit-box;
  display: -webkit-flex;
  display: -ms-flexbox;
  display: flex;
  -webkit-align-items: center;
  -webkit-box-align: center;
  -ms-flex-align: center;
  align-items: center;
  -webkit-box-pack: end;
  -webkit-justify-content: flex-end;
  -ms-flex-pack: end;
  justify-content: flex-end;
  padding: 1rem;
  border-top: 1px solid rgba(0,0,0,0.2);
}

<div
  className="c0"
/>
`;
