// Jest Snapshot v1, https://goo.gl/fbAQLP

exports[`Styles matches FormControlFile 1`] = `
.c0 {
  display: block;
  width: 100%;
  box-sizing: border-box;
}

<input
  className="c0"
/>
`;
