// Jest Snapshot v1, https://goo.gl/fbAQLP

exports[`Styles matches Popover hidden 1`] = `
.c0 {
  position: absolute;
  top: 0;
  left: 0;
  z-index: 1060;
  max-width: 276px;
  font-family: -apple-system,BlinkMacSystemFont,"Segoe UI",Roboto,"Helvetica Neue",Arial,sans-serif,"Apple Color Emoji","Segoe UI Emoji","Segoe UI Symbol";
  font-style: normal;
  font-weight: 400;
  line-height: 1.5;
  text-align: left;
  -webkit-text-decoration: none;
  text-decoration: none;
  text-shadow: none;
  text-transform: none;
  -webkit-letter-spacing: normal;
  -moz-letter-spacing: normal;
  -ms-letter-spacing: normal;
  letter-spacing: normal;
  word-break: normal;
  word-spacing: normal;
  white-space: normal;
  line-break: auto;
  font-size: 0.875rem;
  word-wrap: break-word;
  background-color: #fff;
  background-clip: padding-box;
  border: 1px solid rgba(0,0,0,0.2);
  border-radius: 0.3rem;
  margin-left: 0.5rem;
  display: none;
}

<div
  className="c0"
  hidden={true}
/>
`;
