// Jest Snapshot v1, https://goo.gl/fbAQLP

exports[`Styles matches PopoverBody 1`] = `
.c0 {
  padding: 0.5rem 0.75rem;
  color: #2d2f31;
}

<div
  className="c0"
/>
`;
