// Jest Snapshot v1, https://goo.gl/fbAQLP

exports[`Styles matches Tr light hover 1`] = `
.c0 > th,
.c0 > td {
  background-color: #fdfdfe;
}

.c0:hover > td,
.c0:hover > th,
.c0 tbody tr:hover,
.c0 tbody tr:hover > th,
.c0 tbody tr:hover > td {
  background-color: #ececf6;
}

<tr
  className="c0"
/>
`;
