// Jest Snapshot v1, https://goo.gl/fbAQLP

exports[`Styles matches ModalContent 1`] = `
.c0 {
  position: relative;
  display: -webkit-box;
  display: -webkit-flex;
  display: -ms-flexbox;
  display: flex;
  -webkit-flex-direction: column;
  -ms-flex-direction: column;
  flex-direction: column;
  width: 100%;
  pointer-events: auto;
  background-color: #fff;
  background-clip: padding-box;
  border: 1px solid rgba(0,0,0,0.2);
  outline: 0;
  border-radius: 0.3rem;
}

<div
  className="c0"
/>
`;
