// Jest Snapshot v1, https://goo.gl/fbAQLP

exports[`Styles matches warning 1`] = `
.c0 {
  position: relative;
  padding: 0.75rem 1.25rem;
  border: 1px solid transparent;
  border-radius: 0.25rem;
  color: #856404;
  background-color: #fff3cd;
  border-color: #f3da8d;
}

.c0 > a {
  font-weight: 700;
}

.c0 > h1,
.c0 > h2,
.c0 > h3,
.c0 > h4,
.c0 > h5,
.c0 > h6 {
  color: inherit;
}

.c0 > hr {
  border-top-color: #f3da8d;
}

.c0 > a,
.c0 > a:hover {
  color: #856404;
}

<div
  className="c0"
/>
`;
