// Jest Snapshot v1, https://goo.gl/fbAQLP

exports[`Styles matches pill 1`] = `
.c0 {
  position: relative;
  padding: 0.75rem 1.25rem;
  margin-bottom: 1rem;
  border: 1px solid transparent;
  border-radius: 10rem;
  color: #383d41;
  background-color: #e2e3e5;
  border-color: #d6d8db;
}

.c0 > a {
  font-weight: 700;
}

.c0 > h1,
.c0 > h2,
.c0 > h3,
.c0 > h4,
.c0 > h5,
.c0 > h6 {
  color: inherit;
}

.c0 > hr {
  border-top-color: #c8cbcf;
}

.c0 > a,
.c0 > a:hover {
  color: #202326;
}

<div
  className="c0"
/>
`;
